// Jest Snapshot v1, https://goo.gl/fbAQLP

exports[`[GET] /users snapshot test 1`] = `Object {}`;

exports[`post api/auth/login snapshot test 1`] = `Object {}`;
